This is pdfTeX, Version 3.141592653-2.6-1.40.27 (TeX Live 2025/nixos.org) (preloaded format=pdflatex 1980.1.1)  6 AUG 2026 09:22
entering extended mode
 restricted \write18 enabled.
 file:line:error style messages enabled.
 %&-line parsing enabled.
**methods.tex
(./methods.tex
LaTeX2e <2025-11-01>
L3 programming layer <2026-01-19>
(./SIAM_template/siamart171218.cls

LaTeX Warning: You have requested document class `./SIAM_template/siamart171218',
               but the document class provides `siamart171218'.

Document Class: siamart171218 2017/12/18 v1.4.2 LaTeX document e-class
(/nix/store/z04bvjdadj4kd7zihcwn0v44vkmyimf4-texlive-combined-full-2025-final-texmfdist/tex/latex/amsmath/amsmath.sty
Package: amsmath 2025/07/09 v2.17z AMS math features
\@mathmargin=\skip49

For additional information on amsmath, use the `?' option.
(/nix/store/z04bvjdadj4kd7zihcwn0v44vkmyimf4-texlive-combined-full-2025-final-texmfdist/tex/latex/amsmath/amstext.sty
Package: amstext 2024/11/17 v2.01 AMS text
 (/nix/store/z04bvjdadj4kd7zihcwn0v44vkmyimf4-texlive-combined-full-2025-final-texmfdist/tex/latex/amsmath/amsgen.sty
File: amsgen.sty 1999/11/30 v2.0 generic functions
\@emptytoks=\toks17
\ex@=\dimen148
)) (/nix/store/z04bvjdadj4kd7zihcwn0v44vkmyimf4-texlive-combined-full-2025-final-texmfdist/tex/latex/amsmath/amsbsy.sty
Package: amsbsy 1999/11/29 v1.2d Bold Symbols
\pmbraise@=\dimen149
) (/nix/store/z04bvjdadj4kd7zihcwn0v44vkmyimf4-texlive-combined-full-2025-final-texmfdist/tex/latex/amsmath/amsopn.sty
Package: amsopn 2022/04/08 v2.04 operator names
)
\inf@bad=\count275
LaTeX Info: Redefining \frac on input line 233.
\uproot@=\count276
\leftroot@=\count277
LaTeX Info: Redefining \overline on input line 398.
LaTeX Info: Redefining \colon on input line 409.
\classnum@=\count278
\DOTSCASE@=\count279
LaTeX Info: Redefining \ldots on input line 495.
LaTeX Info: Redefining \dots on input line 498.
LaTeX Info: Redefining \cdots on input line 619.
\Mathstrutbox@=\box53
\strutbox@=\box54
LaTeX Info: Redefining \big on input line 721.
LaTeX Info: Redefining \Big on input line 722.
LaTeX Info: Redefining \bigg on input line 723.
LaTeX Info: Redefining \Bigg on input line 724.
\big@size=\dimen150
LaTeX Font Info:    Redeclaring font encoding OML on input line 742.
LaTeX Font Info:    Redeclaring font encoding OMS on input line 743.
\macc@depth=\count280
LaTeX Info: Redefining \bmod on input line 904.
LaTeX Info: Redefining \pmod on input line 909.
LaTeX Info: Redefining \smash on input line 939.
LaTeX Info: Redefining \relbar on input line 969.
LaTeX Info: Redefining \Relbar on input line 970.
\c@MaxMatrixCols=\count281
\dotsspace@=\muskip17
\c@parentequation=\count282
\dspbrk@lvl=\count283
\tag@help=\toks18
\row@=\count284
\column@=\count285
\maxfields@=\count286
\andhelp@=\toks19
\eqnshift@=\dimen151
\alignsep@=\dimen152
\tagshift@=\dimen153
\tagwidth@=\dimen154
\totwidth@=\dimen155
\lineht@=\dimen156
\@envbody=\toks20
\multlinegap=\skip50
\multlinetaggap=\skip51
\mathdisplay@stack=\toks21
LaTeX Info: Redefining \[ on input line 2950.
LaTeX Info: Redefining \] on input line 2951.
) (/nix/store/z04bvjdadj4kd7zihcwn0v44vkmyimf4-texlive-combined-full-2025-final-texmfdist/tex/latex/ntheorem/ntheorem.sty
Style `ntheorem', Version 1.33 <2011/08/15>
Package: ntheorem 2011/08/15 1.33
(/nix/store/z04bvjdadj4kd7zihcwn0v44vkmyimf4-texlive-combined-full-2025-final-texmfdist/tex/latex/base/ifthen.sty
Package: ifthen 2024/03/16 v1.1e Standard LaTeX ifthen package (DPC)
)
\theorem@style=\toks22
\theorem@@style=\toks23
\theorembodyfont=\toks24
\theoremnumbering=\toks25
\theorempreskipamount=\skip52
\theorempostskipamount=\skip53
\theoremframepreskipamount=\skip54
\theoremframepostskipamount=\skip55
\theoreminframepreskipamount=\skip56
\theoreminframepostskipamount=\skip57
\theorem@preskip=\toks26
\theorem@postskip=\toks27
\theorem@framepreskip=\toks28
\theorem@framepostskip=\toks29
\theorem@inframepreskip=\toks30
\theorem@inframepostskip=\toks31
\theoremindent=\dimen157
\theorem@indent=\dimen158
\theoremrightindent=\dimen159
\theorem@rightindent=\dimen160
\theoremheaderfont=\toks32
\theoremseparator=\toks33
\theoremprework=\toks34
\theorempostwork=\toks35
\theoremsymbol=\toks36
\qedsymbol=\toks37
\theoremkeyword=\toks38
\qedsymbol=\toks39
\thm@topsep=\skip58
\thm@topsepadd=\skip59
Package ntheorem Info: Option `thmmarks' loaded on input line 1175.
\c@endNonectr=\count287
\c@currNonectr=\count288
\mysavskip=\skip60
Package ntheorem Info: option `amsmath' handling for `thmmarks' loaded on input line 1175.
\thm@amstmpdepth=\dimen161
\tagwidth=\dimen162
)
\fromfoliotocopyright=\skip61
\c@section=\count289
\c@subsection=\count290
\c@subsubsection=\count291
\c@paragraph=\count292
\c@subparagraph=\count293
\c@rmnum=\count294
\c@muni=\count295
\@sectionspace=\skip62
\@negsectionspace=\skip63

Warning: Unable to fix unknown version of \eqnarray.
\c@figure=\count296
\c@table=\count297
\abovecaptionskip=\skip64
\belowcaptionskip=\skip65
\bibindent=\dimen163
(/nix/store/z04bvjdadj4kd7zihcwn0v44vkmyimf4-texlive-combined-full-2025-final-texmfdist/tex/latex/hyperref/xr-hyper.sty
Package: xr-hyper 2026-01-29 v7.01p eXternal References (DPC)
) (/nix/store/z04bvjdadj4kd7zihcwn0v44vkmyimf4-texlive-combined-full-2025-final-texmfdist/tex/generic/iftex/ifpdf.sty
Package: ifpdf 2019/10/25 v3.4 ifpdf legacy package. Use iftex instead.
 (/nix/store/z04bvjdadj4kd7zihcwn0v44vkmyimf4-texlive-combined-full-2025-final-texmfdist/tex/generic/iftex/iftex.sty
Package: iftex 2024/12/12 v1.0g TeX engine tests
)) (/nix/store/z04bvjdadj4kd7zihcwn0v44vkmyimf4-texlive-combined-full-2025-final-texmfdist/tex/latex/hyperref/hyperref.sty
Package: hyperref 2026-01-29 v7.01p Hypertext links for LaTeX
 (/nix/store/z04bvjdadj4kd7zihcwn0v44vkmyimf4-texlive-combined-full-2025-final-texmfdist/tex/latex/graphics/keyval.sty
Package: keyval 2022/05/29 v1.15 key=value parser (DPC)
\KV@toks@=\toks40
) (/nix/store/z04bvjdadj4kd7zihcwn0v44vkmyimf4-texlive-combined-full-2025-final-texmfdist/tex/latex/kvsetkeys/kvsetkeys.sty
Package: kvsetkeys 2022-10-05 v1.19 Key value parser (HO)
) (/nix/store/z04bvjdadj4kd7zihcwn0v44vkmyimf4-texlive-combined-full-2025-final-texmfdist/tex/generic/kvdefinekeys/kvdefinekeys.sty
Package: kvdefinekeys 2019-12-19 v1.6 Define keys (HO)
) (/nix/store/z04bvjdadj4kd7zihcwn0v44vkmyimf4-texlive-combined-full-2025-final-texmfdist/tex/generic/pdfescape/pdfescape.sty
Package: pdfescape 2019/12/09 v1.15 Implements pdfTeX's escape features (HO)
 (/nix/store/z04bvjdadj4kd7zihcwn0v44vkmyimf4-texlive-combined-full-2025-final-texmfdist/tex/generic/ltxcmds/ltxcmds.sty
Package: ltxcmds 2023-12-04 v1.26 LaTeX kernel commands for general use (HO)
) (/nix/store/z04bvjdadj4kd7zihcwn0v44vkmyimf4-texlive-combined-full-2025-final-texmfdist/tex/generic/pdftexcmds/pdftexcmds.sty
Package: pdftexcmds 2020-06-27 v0.33 Utility functions of pdfTeX for LuaTeX (HO)
 (/nix/store/z04bvjdadj4kd7zihcwn0v44vkmyimf4-texlive-combined-full-2025-final-texmfdist/tex/generic/infwarerr/infwarerr.sty
Package: infwarerr 2019/12/03 v1.5 Providing info/warning/error messages (HO)
)
Package pdftexcmds Info: \pdf@primitive is available.
Package pdftexcmds Info: \pdf@ifprimitive is available.
Package pdftexcmds Info: \pdfdraftmode found.
)) (/nix/store/z04bvjdadj4kd7zihcwn0v44vkmyimf4-texlive-combined-full-2025-final-texmfdist/tex/latex/hycolor/hycolor.sty
Package: hycolor 2020-01-27 v1.10 Color options for hyperref/bookmark (HO)
) (/nix/store/z04bvjdadj4kd7zihcwn0v44vkmyimf4-texlive-combined-full-2025-final-texmfdist/tex/latex/hyperref/nameref.sty
Package: nameref 2026-01-29 v2.58 Cross-referencing by name of section
 (/nix/store/z04bvjdadj4kd7zihcwn0v44vkmyimf4-texlive-combined-full-2025-final-texmfdist/tex/latex/refcount/refcount.sty
Package: refcount 2019/12/15 v3.6 Data extraction from label references (HO)
) (/nix/store/z04bvjdadj4kd7zihcwn0v44vkmyimf4-texlive-combined-full-2025-final-texmfdist/tex/generic/gettitlestring/gettitlestring.sty
Package: gettitlestring 2019/12/15 v1.6 Cleanup title references (HO)
 (/nix/store/z04bvjdadj4kd7zihcwn0v44vkmyimf4-texlive-combined-full-2025-final-texmfdist/tex/latex/kvoptions/kvoptions.sty
Package: kvoptions 2022-06-15 v3.15 Key value format for package options (HO)
))

Package nameref Warning: The definition of \label has changed! 
(nameref)                Check your packages! 
(nameref)                Replacing it with the kernel definition on input line 161.

\c@section@level=\count298
) (/nix/store/z04bvjdadj4kd7zihcwn0v44vkmyimf4-texlive-combined-full-2025-final-texmfdist/tex/latex/etoolbox/etoolbox.sty
Package: etoolbox 2025/10/02 v2.5m e-TeX tools for LaTeX (JAW)
\etb@tempcnta=\count299
) (/nix/store/z04bvjdadj4kd7zihcwn0v44vkmyimf4-texlive-combined-full-2025-final-texmfdist/tex/generic/stringenc/stringenc.sty
Package: stringenc 2019/11/29 v1.12 Convert strings between diff. encodings (HO)
)
\@linkdim=\dimen164
\Hy@linkcounter=\count300
\Hy@pagecounter=\count301
 (/nix/store/z04bvjdadj4kd7zihcwn0v44vkmyimf4-texlive-combined-full-2025-final-texmfdist/tex/latex/hyperref/pd1enc.def
File: pd1enc.def 2026-01-29 v7.01p Hyperref: PDFDocEncoding definition (HO)
Now handling font encoding PD1 ...
... no UTF-8 mapping file for font encoding PD1
) (/nix/store/z04bvjdadj4kd7zihcwn0v44vkmyimf4-texlive-combined-full-2025-final-texmfdist/tex/generic/intcalc/intcalc.sty
Package: intcalc 2019/12/15 v1.3 Expandable calculations with integers (HO)
)
\Hy@SavedSpaceFactor=\count302
 (/nix/store/z04bvjdadj4kd7zihcwn0v44vkmyimf4-texlive-combined-full-2025-final-texmfdist/tex/latex/hyperref/puenc.def
File: puenc.def 2026-01-29 v7.01p Hyperref: PDF Unicode definition (HO)
Now handling font encoding PU ...
... no UTF-8 mapping file for font encoding PU
)
Package hyperref Info: Hyper figures OFF on input line 4201.
Package hyperref Info: Link nesting OFF on input line 4206.
Package hyperref Info: Hyper index ON on input line 4209.
Package hyperref Info: Plain pages OFF on input line 4216.
Package hyperref Info: Backreferencing OFF on input line 4221.
Package hyperref Info: Implicit mode ON; LaTeX internals redefined.
Package hyperref Info: Bookmarks ON on input line 4468.
\c@Hy@tempcnt=\count303
 (/nix/store/z04bvjdadj4kd7zihcwn0v44vkmyimf4-texlive-combined-full-2025-final-texmfdist/tex/latex/url/url.sty
\Urlmuskip=\muskip18
Package: url 2013/09/16  ver 3.4  Verb mode for urls, etc.
)
LaTeX Info: Redefining \url on input line 4807.
\XeTeXLinkMargin=\dimen165
 (/nix/store/z04bvjdadj4kd7zihcwn0v44vkmyimf4-texlive-combined-full-2025-final-texmfdist/tex/generic/bitset/bitset.sty
Package: bitset 2019/12/09 v1.3 Handle bit-vector datatype (HO)
 (/nix/store/z04bvjdadj4kd7zihcwn0v44vkmyimf4-texlive-combined-full-2025-final-texmfdist/tex/generic/bigintcalc/bigintcalc.sty
Package: bigintcalc 2019/12/15 v1.5 Expandable calculations on big integers (HO)
))
\Fld@menulength=\count304
\Field@Width=\dimen166
\Fld@charsize=\dimen167
Package hyperref Info: Hyper figures OFF on input line 6084.
Package hyperref Info: Link nesting OFF on input line 6089.
Package hyperref Info: Hyper index ON on input line 6092.
Package hyperref Info: backreferencing OFF on input line 6099.
Package hyperref Info: Link coloring OFF on input line 6104.
Package hyperref Info: Link coloring with OCG OFF on input line 6109.
Package hyperref Info: PDF/A mode OFF on input line 6114.
\Hy@abspage=\count305
\c@Item=\count306
\c@Hfootnote=\count307
)
Package hyperref Info: Driver (autodetected): hpdftex.
 (/nix/store/z04bvjdadj4kd7zihcwn0v44vkmyimf4-texlive-combined-full-2025-final-texmfdist/tex/latex/hyperref/hpdftex.def
File: hpdftex.def 2026-01-29 v7.01p Hyperref driver for pdfTeX
\Fld@listcount=\count308
\c@bookmark@seq@number=\count309
 (/nix/store/z04bvjdadj4kd7zihcwn0v44vkmyimf4-texlive-combined-full-2025-final-texmfdist/tex/latex/rerunfilecheck/rerunfilecheck.sty
Package: rerunfilecheck 2025-06-21 v1.11 Rerun checks for auxiliary files (HO)
 (/nix/store/z04bvjdadj4kd7zihcwn0v44vkmyimf4-texlive-combined-full-2025-final-texmfdist/tex/generic/uniquecounter/uniquecounter.sty
Package: uniquecounter 2019/12/15 v1.4 Provide unlimited unique counter (HO)
)
Package uniquecounter Info: New unique counter `rerunfilecheck' on input line 284.
)
\Hy@SectionHShift=\skip66
)
Package hyperref Info: Option `colorlinks' set `false' on input line 1286.
Package hyperref Info: Option `frenchlinks' set `false' on input line 1286.
Package hyperref Info: Option `naturalnames' set `false' on input line 1286.
Package hyperref Info: Option `hypertexnames' set `false' on input line 1286.
Package hyperref Info: Option `breaklinks' set `true' on input line 1286.
 (/nix/store/z04bvjdadj4kd7zihcwn0v44vkmyimf4-texlive-combined-full-2025-final-texmfdist/tex/latex/graphics/graphics.sty
Package: graphics 2024/08/06 v1.4g Standard LaTeX Graphics (DPC,SPQR)
 (/nix/store/z04bvjdadj4kd7zihcwn0v44vkmyimf4-texlive-combined-full-2025-final-texmfdist/tex/latex/graphics/trig.sty
Package: trig 2023/12/02 v1.11 sin cos tan (DPC)
) (/nix/store/z04bvjdadj4kd7zihcwn0v44vkmyimf4-texlive-combined-full-2025-final-texmfdist/tex/latex/graphics-cfg/graphics.cfg
File: graphics.cfg 2016/06/04 v1.11 sample graphics configuration
)
Package graphics Info: Driver file: pdftex.def on input line 106.
 (/nix/store/z04bvjdadj4kd7zihcwn0v44vkmyimf4-texlive-combined-full-2025-final-texmfdist/tex/latex/graphics-def/pdftex.def
File: pdftex.def 2025/09/29 v1.2d Graphics/color driver for pdftex
)) (/nix/store/z04bvjdadj4kd7zihcwn0v44vkmyimf4-texlive-combined-full-2025-final-texmfdist/tex/latex/graphics/graphicx.sty
Package: graphicx 2024/12/31 v1.2e Enhanced LaTeX Graphics (DPC,SPQR)
\Gin@req@height=\dimen168
\Gin@req@width=\dimen169
)
(/nix/store/z04bvjdadj4kd7zihcwn0v44vkmyimf4-texlive-combined-full-2025-final-texmfdist/tex/latex/epstopdf-pkg/epstopdf.sty
Package: epstopdf 2020-01-24 v2.11 Conversion with epstopdf on the fly (HO)
 (/nix/store/z04bvjdadj4kd7zihcwn0v44vkmyimf4-texlive-combined-full-2025-final-texmfdist/tex/latex/grfext/grfext.sty
Package: grfext 2019/12/03 v1.3 Manage graphics extensions (HO)
) (/nix/store/z04bvjdadj4kd7zihcwn0v44vkmyimf4-texlive-combined-full-2025-final-texmfdist/tex/latex/epstopdf-pkg/epstopdf-base.sty
Package: epstopdf-base 2020-01-24 v2.11 Base part for package epstopdf
Package epstopdf-base Info: Redefining graphics rule for `.eps' on input line 485.
Package grfext Info: Graphics extension search list:
(grfext)             [.pdf,.png,.jpg,.mps,.jpeg,.jbig2,.jb2,.PDF,.PNG,.JPG,.JPEG,.JBIG2,.JB2,.eps]
(grfext)             \AppendGraphicsExtensions on input line 504.
 (/nix/store/z04bvjdadj4kd7zihcwn0v44vkmyimf4-texlive-combined-full-2025-final-texmfdist/tex/latex/latexconfig/epstopdf-sys.cfg
File: epstopdf-sys.cfg 2010/07/13 v1.3 Configuration of (r)epstopdf for TeX Live
))) (/nix/store/z04bvjdadj4kd7zihcwn0v44vkmyimf4-texlive-combined-full-2025-final-texmfdist/tex/latex/xcolor/xcolor.sty
Package: xcolor 2024/09/29 v3.02 LaTeX color extensions (UK)
 (/nix/store/z04bvjdadj4kd7zihcwn0v44vkmyimf4-texlive-combined-full-2025-final-texmfdist/tex/latex/graphics-cfg/color.cfg
File: color.cfg 2016/01/02 v1.6 sample color configuration
)
Package xcolor Info: Driver file: pdftex.def on input line 274.
 (/nix/store/z04bvjdadj4kd7zihcwn0v44vkmyimf4-texlive-combined-full-2025-final-texmfdist/tex/latex/graphics/mathcolor.ltx)
Package xcolor Info: Model `cmy' substituted by `cmy0' on input line 1349.
Package xcolor Info: Model `hsb' substituted by `rgb' on input line 1353.
Package xcolor Info: Model `RGB' extended on input line 1365.
Package xcolor Info: Model `HTML' substituted by `rgb' on input line 1367.
Package xcolor Info: Model `Hsb' substituted by `hsb' on input line 1368.
Package xcolor Info: Model `tHsb' substituted by `hsb' on input line 1369.
Package xcolor Info: Model `HSB' substituted by `hsb' on input line 1370.
Package xcolor Info: Model `Gray' substituted by `gray' on input line 1371.
Package xcolor Info: Model `wave' substituted by `hsb' on input line 1372.
)
Package hyperref Info: Option `colorlinks' set `true' on input line 1322.
 (/nix/store/z04bvjdadj4kd7zihcwn0v44vkmyimf4-texlive-combined-full-2025-final-texmfdist/tex/latex/hypcap/hypcap.sty
Package: hypcap 2024-07-26 v1.13 Adjusting the anchors of captions (HO)
 (/nix/store/z04bvjdadj4kd7zihcwn0v44vkmyimf4-texlive-combined-full-2025-final-texmfdist/tex/latex/letltxmacro/letltxmacro.sty
Package: letltxmacro 2019/12/03 v1.6 Let assignment for LaTeX macros (HO)
)) (/nix/store/z04bvjdadj4kd7zihcwn0v44vkmyimf4-texlive-combined-full-2025-final-texmfdist/tex/latex/algorithms/algorithm.sty
Package: algorithm 2009/08/24 v0.1 Document Style `algorithm' - floating environment
 (/nix/store/z04bvjdadj4kd7zihcwn0v44vkmyimf4-texlive-combined-full-2025-final-texmfdist/tex/latex/float/float.sty
Package: float 2001/11/08 v1.3d Float enhancements (AL)
\c@float@type=\count310
\float@exts=\toks41
\float@box=\box55
\@float@everytoks=\toks42
\@floatcapt=\box56
)
\@float@every@algorithm=\toks43
\c@algorithm=\count311
) (/nix/store/z04bvjdadj4kd7zihcwn0v44vkmyimf4-texlive-combined-full-2025-final-texmfdist/tex/latex/cleveref/cleveref.sty
Package: cleveref 2018/03/27 v0.21.4 Intelligent cross-referencing
Package cleveref Info: `hyperref' support loaded on input line 2370.
LaTeX Info: Redefining \cref on input line 2370.
LaTeX Info: Redefining \Cref on input line 2370.
LaTeX Info: Redefining \crefrange on input line 2370.
LaTeX Info: Redefining \Crefrange on input line 2370.
LaTeX Info: Redefining \cpageref on input line 2370.
LaTeX Info: Redefining \Cpageref on input line 2370.
LaTeX Info: Redefining \cpagerefrange on input line 2370.
LaTeX Info: Redefining \Cpagerefrange on input line 2370.
LaTeX Info: Redefining \labelcref on input line 2370.
LaTeX Info: Redefining \labelcpageref on input line 2370.
Package cleveref Info: `ntheorem' support loaded on input line 3055.
Package cleveref Info: always capitalise cross-reference names on input line 7830.
Package cleveref Info: include cross-reference names in hyperlinks on input line 7836.
Package cleveref Info: always capitalise cross-reference names on input line 7852.
Package cleveref Info: include cross-reference names in hyperlinks on input line 7852.
)
==> First Aid for cleveref.sty applied!
\c@currproofctr=\count312
\c@endproofctr=\count313
\c@proof=\count314
\c@currtheoremctr=\count315
\c@endtheoremctr=\count316
\c@theorem=\count317
\c@currlemmactr=\count318
\c@endlemmactr=\count319
\c@currcorollaryctr=\count320
\c@endcorollaryctr=\count321
\c@currpropositionctr=\count322
\c@endpropositionctr=\count323
\c@currdefinitionctr=\count324
\c@enddefinitionctr=\count325
(/nix/store/z04bvjdadj4kd7zihcwn0v44vkmyimf4-texlive-combined-full-2025-final-texmfdist/tex/latex/lineno/lineno.sty
Package: lineno 2026/02/16 line numbers on paragraphs v5.7
\linenopenalty=\count326
\output=\toks44
\linenoprevgraf=\count327
\linenumbersep=\dimen170
\linenumberwidth=\dimen171
\c@linenumber=\count328
\c@pagewiselinenumber=\count329
\c@LN@truepage=\count330
\c@internallinenumber=\count331
\c@internallinenumbers=\count332
\quotelinenumbersep=\dimen172
\bframerule=\dimen173
\bframesep=\dimen174
\bframebox=\box57
\@LN@amsmath@ams@eqpen=\count333
)) (/nix/store/z04bvjdadj4kd7zihcwn0v44vkmyimf4-texlive-combined-full-2025-final-texmfdist/tex/latex/base/inputenc.sty
Package: inputenc 2024/02/08 v1.3d Input encoding file
\inpenc@prehook=\toks45
\inpenc@posthook=\toks46
) (/nix/store/z04bvjdadj4kd7zihcwn0v44vkmyimf4-texlive-combined-full-2025-final-texmfdist/tex/latex/base/fontenc.sty
Package: fontenc 2025/07/18 v2.1d Standard LaTeX package
) (/nix/store/z04bvjdadj4kd7zihcwn0v44vkmyimf4-texlive-combined-full-2025-final-texmfdist/tex/latex/amsfonts/amssymb.sty
Package: amssymb 2013/01/14 v3.01 AMS font symbols
 (/nix/store/z04bvjdadj4kd7zihcwn0v44vkmyimf4-texlive-combined-full-2025-final-texmfdist/tex/latex/amsfonts/amsfonts.sty
Package: amsfonts 2013/01/14 v3.01 Basic AMSFonts support
\symAMSa=\mathgroup4
\symAMSb=\mathgroup5
LaTeX Font Info:    Redeclaring math symbol \hbar on input line 98.
LaTeX Font Info:    Overwriting math alphabet `\mathfrak' in version `bold'
(Font)                  U/euf/m/n --> U/euf/b/n on input line 106.
)) (/nix/store/z04bvjdadj4kd7zihcwn0v44vkmyimf4-texlive-combined-full-2025-final-texmfdist/tex/latex/booktabs/booktabs.sty
Package: booktabs 2020/01/12 v1.61803398 Publication quality tables
\heavyrulewidth=\dimen175
\lightrulewidth=\dimen176
\cmidrulewidth=\dimen177
\belowrulesep=\dimen178
\belowbottomsep=\dimen179
\aboverulesep=\dimen180
\abovetopsep=\dimen181
\cmidrulesep=\dimen182
\cmidrulekern=\dimen183
\defaultaddspace=\dimen184
\@cmidla=\count334
\@cmidlb=\count335
\@aboverulesep=\dimen185
\@belowrulesep=\dimen186
\@thisruleclass=\count336
\@lastruleclass=\count337
\@thisrulewidth=\dimen187
) (/nix/store/z04bvjdadj4kd7zihcwn0v44vkmyimf4-texlive-combined-full-2025-final-texmfdist/tex/latex/placeins/placeins.sty
Package: placeins 2005/04/18  v 2.2
) (/nix/store/z04bvjdadj4kd7zihcwn0v44vkmyimf4-texlive-combined-full-2025-final-texmfdist/tex/latex/biblatex/biblatex.sty
Package: biblatex 2025/07/10 v3.21 programmable bibliographies (PK/MW)
 (/nix/store/z04bvjdadj4kd7zihcwn0v44vkmyimf4-texlive-combined-full-2025-final-texmfdist/tex/latex/logreq/logreq.sty
Package: logreq 2010/08/04 v1.0 xml request logger
\lrq@indent=\count338
 (/nix/store/z04bvjdadj4kd7zihcwn0v44vkmyimf4-texlive-combined-full-2025-final-texmfdist/tex/latex/logreq/logreq.def
File: logreq.def 2010/08/04 v1.0 logreq spec v1.0
))
\c@tabx@nest=\count339
\c@listtotal=\count340
\c@listcount=\count341
\c@liststart=\count342
\c@liststop=\count343
\c@citecount=\count344
\c@citetotal=\count345
\c@multicitecount=\count346
\c@multicitetotal=\count347
\c@instcount=\count348
\c@maxnames=\count349
\c@minnames=\count350
\c@maxitems=\count351
\c@minitems=\count352
\c@citecounter=\count353
\c@maxcitecounter=\count354
\c@savedcitecounter=\count355
\c@uniquelist=\count356
\c@uniquename=\count357
\c@refsection=\count358
\c@refsegment=\count359
\c@maxextratitle=\count360
\c@maxextratitleyear=\count361
\c@maxextraname=\count362
\c@maxextradate=\count363
\c@maxextraalpha=\count364
\c@abbrvpenalty=\count365
\c@highnamepenalty=\count366
\c@lownamepenalty=\count367
\c@maxparens=\count368
\c@parenlevel=\count369
\blx@tempcnta=\count370
\blx@tempcntb=\count371
\blx@tempcntc=\count372
\c@blx@maxsection=\count373
\blx@maxsegment@0=\count374
\blx@notetype=\count375
\blx@parenlevel@text=\count376
\blx@parenlevel@foot=\count377
\blx@sectionciteorder@0=\count378
\blx@sectionciteorderinternal@0=\count379
\blx@entrysetcounter=\count380
\blx@biblioinstance=\count381
\labelnumberwidth=\skip67
\labelalphawidth=\skip68
\biblabelsep=\skip69
\bibitemsep=\skip70
\bibnamesep=\skip71
\bibinitsep=\skip72
\bibparsep=\skip73
\bibhang=\skip74
\blx@bcfin=\read2
\blx@bcfout=\write3
\blx@langwohyphens=\language90
\c@mincomprange=\count382
\c@maxcomprange=\count383
\c@mincompwidth=\count384
Package biblatex Info: Trying to load biblatex default data model...
Package biblatex Info: ... file 'blx-dm.def' found.
 (/nix/store/z04bvjdadj4kd7zihcwn0v44vkmyimf4-texlive-combined-full-2025-final-texmfdist/tex/latex/biblatex/blx-dm.def
File: blx-dm.def 2025/07/10 v3.21 biblatex datamodel (PK/MW)
)
Package biblatex Info: Trying to load biblatex custom data model...
Package biblatex Info: ... file 'biblatex-dm.cfg' not found.
\c@afterword=\count385
\c@savedafterword=\count386
\c@annotator=\count387
\c@savedannotator=\count388
\c@author=\count389
\c@savedauthor=\count390
\c@bookauthor=\count391
\c@savedbookauthor=\count392
\c@commentator=\count393
\c@savedcommentator=\count394
\c@editor=\count395
\c@savededitor=\count396
\c@editora=\count397
\c@savededitora=\count398
\c@editorb=\count399
\c@savededitorb=\count400
\c@editorc=\count401
\c@savededitorc=\count402
\c@foreword=\count403
\c@savedforeword=\count404
\c@holder=\count405
\c@savedholder=\count406
\c@introduction=\count407
\c@savedintroduction=\count408
\c@namea=\count409
\c@savednamea=\count410
\c@nameb=\count411
\c@savednameb=\count412
\c@namec=\count413
\c@savednamec=\count414
\c@translator=\count415
\c@savedtranslator=\count416
\c@shortauthor=\count417
\c@savedshortauthor=\count418
\c@shorteditor=\count419
\c@savedshorteditor=\count420
\c@labelname=\count421
\c@savedlabelname=\count422
\c@institution=\count423
\c@savedinstitution=\count424
\c@lista=\count425
\c@savedlista=\count426
\c@listb=\count427
\c@savedlistb=\count428
\c@listc=\count429
\c@savedlistc=\count430
\c@listd=\count431
\c@savedlistd=\count432
\c@liste=\count433
\c@savedliste=\count434
\c@listf=\count435
\c@savedlistf=\count436
\c@location=\count437
\c@savedlocation=\count438
\c@organization=\count439
\c@savedorganization=\count440
\c@origlocation=\count441
\c@savedoriglocation=\count442
\c@origpublisher=\count443
\c@savedorigpublisher=\count444
\c@publisher=\count445
\c@savedpublisher=\count446
\c@language=\count447
\c@savedlanguage=\count448
\c@origlanguage=\count449
\c@savedoriglanguage=\count450
\c@pageref=\count451
\c@savedpageref=\count452
\shorthandwidth=\skip75
\shortjournalwidth=\skip76
\shortserieswidth=\skip77
\shorttitlewidth=\skip78
\shortauthorwidth=\skip79
\shorteditorwidth=\skip80
\locallabelnumberwidth=\skip81
\locallabelalphawidth=\skip82
\localshorthandwidth=\skip83
\localshortjournalwidth=\skip84
\localshortserieswidth=\skip85
\localshorttitlewidth=\skip86
\localshortauthorwidth=\skip87
\localshorteditorwidth=\skip88
Package biblatex Info: Trying to load compatibility code...
Package biblatex Info: ... file 'blx-compat.def' found.
 (/nix/store/z04bvjdadj4kd7zihcwn0v44vkmyimf4-texlive-combined-full-2025-final-texmfdist/tex/latex/biblatex/blx-compat.def
File: blx-compat.def 2025/07/10 v3.21 biblatex compatibility (PK/MW)
)
Package biblatex Info: Trying to load BibTeX backend compatibility...
Package biblatex Info: ... file 'blx-bibtex.def' found.
 (/nix/store/z04bvjdadj4kd7zihcwn0v44vkmyimf4-texlive-combined-full-2025-final-texmfdist/tex/latex/biblatex/blx-bibtex.def
File: blx-bibtex.def 2025/07/10 v3.21 biblatex compatibility (PK/MW)


Package biblatex Warning: Using fall-back bibtex backend:
(biblatex)                functionality may be reduced/unavailable.

)
Package biblatex Info: Trying to load generic definitions...
Package biblatex Info: ... file 'biblatex.def' found.
 (/nix/store/z04bvjdadj4kd7zihcwn0v44vkmyimf4-texlive-combined-full-2025-final-texmfdist/tex/latex/biblatex/biblatex.def
File: biblatex.def 2025/07/10 v3.21 biblatex compatibility (PK/MW)
\c@textcitecount=\count453
\c@textcitetotal=\count454
\c@textcitemaxnames=\count455
\c@biburlbigbreakpenalty=\count456
\c@biburlbreakpenalty=\count457
\c@biburlnumpenalty=\count458
\c@biburlucpenalty=\count459
\c@biburllcpenalty=\count460
\biburlbigskip=\muskip19
\biburlnumskip=\muskip20
\biburlucskip=\muskip21
\biburllcskip=\muskip22
\c@smartand=\count461
)
Package biblatex Info: Trying to load bibliography style 'numeric'...
Package biblatex Info: ... file 'numeric.bbx' found.
 (/nix/store/z04bvjdadj4kd7zihcwn0v44vkmyimf4-texlive-combined-full-2025-final-texmfdist/tex/latex/biblatex/bbx/numeric.bbx
File: numeric.bbx 2025/07/10 v3.21 biblatex bibliography style (PK/MW)
Package biblatex Info: Trying to load bibliography style 'standard'...
Package biblatex Info: ... file 'standard.bbx' found.
 (/nix/store/z04bvjdadj4kd7zihcwn0v44vkmyimf4-texlive-combined-full-2025-final-texmfdist/tex/latex/biblatex/bbx/standard.bbx
File: standard.bbx 2025/07/10 v3.21 biblatex bibliography style (PK/MW)
\c@bbx:relatedcount=\count462
\c@bbx:relatedtotal=\count463
))
Package biblatex Info: Trying to load citation style 'numeric'...
Package biblatex Info: ... file 'numeric.cbx' found.
 (/nix/store/z04bvjdadj4kd7zihcwn0v44vkmyimf4-texlive-combined-full-2025-final-texmfdist/tex/latex/biblatex/cbx/numeric.cbx
File: numeric.cbx 2025/07/10 v3.21 biblatex citation style (PK/MW)
Package biblatex Info: Redefining '\cite'.
Package biblatex Info: Redefining '\parencite'.
Package biblatex Info: Redefining '\footcite'.
Package biblatex Info: Redefining '\footcitetext'.
Package biblatex Info: Redefining '\smartcite'.
Package biblatex Info: Redefining '\supercite'.
Package biblatex Info: Redefining '\textcite'.
Package biblatex Info: Redefining '\textcites'.
Package biblatex Info: Redefining '\cites'.
Package biblatex Info: Redefining '\parencites'.
Package biblatex Info: Redefining '\smartcites'.
)
Package biblatex Info: Trying to load configuration file...
Package biblatex Info: ... file 'biblatex.cfg' found.
 (/nix/store/z04bvjdadj4kd7zihcwn0v44vkmyimf4-texlive-combined-full-2025-final-texmfdist/tex/latex/biblatex/biblatex.cfg
File: biblatex.cfg 
)
Package biblatex Info: Input encoding 'utf8' detected.
Package biblatex Info: Document encoding is UTF8 ....
 (/nix/store/z04bvjdadj4kd7zihcwn0v44vkmyimf4-texlive-combined-full-2025-final-texmfdist/tex/latex/l3kernel/expl3.sty
Package: expl3 2026-01-19 L3 programming layer (loader) 
 (/nix/store/z04bvjdadj4kd7zihcwn0v44vkmyimf4-texlive-combined-full-2025-final-texmfdist/tex/latex/l3backend/l3backend-pdftex.def
File: l3backend-pdftex.def 2025-10-09 L3 backend support: PDF output (pdfTeX)
\l__color_backend_stack_int=\count464
))
Package biblatex Info: ... and expl3
(biblatex)             2026-01-19 L3 programming layer (loader) 
(biblatex)             is new enough (at least 2020/04/06),
(biblatex)             setting 'casechanger=expl3'.
 (/nix/store/z04bvjdadj4kd7zihcwn0v44vkmyimf4-texlive-combined-full-2025-final-texmfdist/tex/latex/biblatex/blx-case-expl3.sty (/nix/store/z04bvjdadj4kd7zihcwn0v44vkmyimf4-texlive-combined-full-2025-final-texmfdist/tex/latex/l3packages/xparse/xparse.sty
Package: xparse 2025-10-09 L3 Experimental document command parser
)
Package: blx-case-expl3 2025/07/10 v3.21 expl3 case changing code for biblatex
))
\c@currremarkctr=\count465
\c@endremarkctr=\count466
\@quotelevel=\count467
\@quotereset=\count468
 (./methods.aux)
\openout1 = `methods.aux'.

LaTeX Font Info:    Checking defaults for OML/cmm/m/it on input line 37.
LaTeX Font Info:    ... okay on input line 37.
LaTeX Font Info:    Checking defaults for OMS/cmsy/m/n on input line 37.
LaTeX Font Info:    ... okay on input line 37.
LaTeX Font Info:    Checking defaults for OT1/cmr/m/n on input line 37.
LaTeX Font Info:    ... okay on input line 37.
LaTeX Font Info:    Checking defaults for T1/cmr/m/n on input line 37.
LaTeX Font Info:    ... okay on input line 37.
LaTeX Font Info:    Checking defaults for TS1/cmr/m/n on input line 37.
LaTeX Font Info:    ... okay on input line 37.
LaTeX Font Info:    Checking defaults for OMX/cmex/m/n on input line 37.
LaTeX Font Info:    ... okay on input line 37.
LaTeX Font Info:    Checking defaults for U/cmr/m/n on input line 37.
LaTeX Font Info:    ... okay on input line 37.
LaTeX Font Info:    Checking defaults for PD1/pdf/m/n on input line 37.
LaTeX Font Info:    ... okay on input line 37.
LaTeX Font Info:    Checking defaults for PU/pdf/m/n on input line 37.
LaTeX Font Info:    ... okay on input line 37.
Package hyperref Info: Link coloring ON on input line 37.
 (./methods.out) (./methods.out)
\@outlinefile=\write4
\openout4 = `methods.out'.

 (/nix/store/z04bvjdadj4kd7zihcwn0v44vkmyimf4-texlive-combined-full-2025-final-texmfdist/tex/context/base/mkii/supp-pdf.mkii
[Loading MPS to PDF converter (version 2006.09.02).]
\scratchcounter=\count469
\scratchdimen=\dimen188
\scratchbox=\box58
\nofMPsegments=\count470
\nofMParguments=\count471
\everyMPshowfont=\toks47
\MPscratchCnt=\count472
\MPscratchDim=\dimen189
\MPnumerator=\count473
\makeMPintoPDFobject=\count474
\everyMPtoPDFconversion=\toks48
)
Package biblatex Info: Trying to load language 'english'...
Package biblatex Info: ... file 'english.lbx' found.
 (/nix/store/z04bvjdadj4kd7zihcwn0v44vkmyimf4-texlive-combined-full-2025-final-texmfdist/tex/latex/biblatex/lbx/english.lbx
File: english.lbx 2025/07/10 v3.21 biblatex localization (PK/MW)
)
Package biblatex Info: Input encoding 'utf8' detected.
Package biblatex Info: Automatic encoding selection.
(biblatex)             Assuming data encoding 'utf8'.
Package biblatex Info: Input encoding 'utf8' detected.
Package biblatex Info: Data encoding 'utf8' specified.
(biblatex)             No need to reencode data.
\openout3 = `methods-blx.bib'.

Package biblatex Info: Trying to load bibliographic data...
Package biblatex Info: ... file 'methods.bbl' found.
 (./methods.bbl)
Package biblatex Info: Reference section=0 on input line 37.
Package biblatex Info: Reference segment=0 on input line 37.
LaTeX Font Info:    Trying to load font information for U+msa on input line 44.
 (/nix/store/z04bvjdadj4kd7zihcwn0v44vkmyimf4-texlive-combined-full-2025-final-texmfdist/tex/latex/amsfonts/umsa.fd
File: umsa.fd 2013/01/14 v3.01 AMS symbols A
)
LaTeX Font Info:    Trying to load font information for U+msb on input line 44.
 (/nix/store/z04bvjdadj4kd7zihcwn0v44vkmyimf4-texlive-combined-full-2025-final-texmfdist/tex/latex/amsfonts/umsb.fd
File: umsb.fd 2013/01/14 v3.01 AMS symbols B
) [1

{/nix/store/z22g7l2iaraqc2jxdjjrnd0wvm8w8xz4-texlive-combined-full-2025-final/share/texmf-var/fonts/map/pdftex/updmap/pdftex.map}{/nix/store/z04bvjdadj4kd7zihcwn0v44vkmyimf4-texlive-combined-full-2025-final-texmfdist/fonts/enc/dvips/cm-super/cm-super-t1.enc}]
./methods.tex:211: Use of \cref@override@label@type doesn't match its definition.
\refstepcounter@optarg ...cref@currentlabel \@nil 
                                                  {\@tempa }}
l.211 \begin{proposition}
                         
If you say, e.g., `\def\a1{...}', then you must always
put `1' after `\a', since control sequence names are
made up of letters only. The macro here has not been
followed by the required stuff, so I'm ignoring it.

Package hyperref Info: bookmark level for unknown proposition defaults to 0 on input line 212.

Package hyperref Warning: The anchor of a bookmark and its parent's must not
(hyperref)                be the same. Added a new anchor on input line 233.


Overfull \hbox (19.47404pt too wide) in paragraph at lines 235--241
\T1/cmr/m/n/10 pivot steps in prac-tice; in-te-rior point achieves poly-no-mial worst-case $\OML/cmm/m/it/10 O\OT1/cmr/m/n/10 ((\OML/cmm/m/it/10 n[]m\OT1/cmr/m/n/10 )[] [](1\OML/cmm/m/it/10 ="\OT1/cmr/m/n/10 ))$\T1/cmr/m/n/10 .|
 []

[2]

Package hyperref Warning: The anchor of a bookmark and its parent's must not
(hyperref)                be the same. Added a new anchor on input line 302.


Overfull \hbox (14.58508pt too wide) in paragraph at lines 302--310
\T1/cmr/m/n/10 STEROID first con-verts $\OMS/cmsy/m/n/10 P$ \T1/cmr/m/n/10 to its V-representation---a list of ver-tices $\OML/cmm/m/it/10 W \OT1/cmr/m/n/10 = \OMS/cmsy/m/n/10 f\OT1/cmr/bx/n/10 w[]\OML/cmm/m/it/10 ; [] ; \OT1/cmr/bx/n/10 w[]\OMS/cmsy/m/n/10 g$\T1/cmr/m/n/10 ---|
 []

[3]
./methods.tex:426: Use of \cref@override@label@type doesn't match its definition.
\refstepcounter@optarg ...cref@currentlabel \@nil 
                                                  {\@tempa }}
l.426 \begin{theorem}
                     
If you say, e.g., `\def\a1{...}', then you must always
put `1' after `\a', since control sequence names are
made up of letters only. The macro here has not been
followed by the required stuff, so I'm ignoring it.

Package hyperref Info: bookmark level for unknown theorem defaults to 0 on input line 427.
[4]
./methods.tex:433: Use of \cref@override@label@type doesn't match its definition.
\refstepcounter@optarg ...cref@currentlabel \@nil 
                                                  {\@tempa }}
l.433 \begin{proof}
                   
If you say, e.g., `\def\a1{...}', then you must always
put `1' after `\a', since control sequence names are
made up of letters only. The macro here has not been
followed by the required stuff, so I'm ignoring it.

Package hyperref Info: bookmark level for unknown proof defaults to 0 on input line 434.
./methods.tex:445: Use of \cref@override@label@type doesn't match its definition.
\refstepcounter@optarg ...cref@currentlabel \@nil 
                                                  {\@tempa }}
l.445 \begin{remark}
                    
If you say, e.g., `\def\a1{...}', then you must always
put `1' after `\a', since control sequence names are
made up of letters only. The macro here has not been
followed by the required stuff, so I'm ignoring it.

Package hyperref Info: bookmark level for unknown remark defaults to 0 on input line 446.

Overfull \hbox (16.63457pt too wide) in paragraph at lines 466--468
[]\T1/cmr/m/n/10 Preprocessing is dom-i-nated by the De-lau-nay tri-an-gu-la-tion, with worst-case $\OML/cmm/m/it/10 O\OT1/cmr/m/n/10 (\OML/cmm/m/it/10 V[]\OT1/cmr/m/n/10 )$|
 []


Package hyperref Warning: The anchor of a bookmark and its parent's must not
(hyperref)                be the same. Added a new anchor on input line 505.

[5]

Package hyperref Warning: Token not allowed in a PDF string (Unicode):
(hyperref)                removing `math shift' on input line 564.


Package hyperref Warning: Token not allowed in a PDF string (Unicode):
(hyperref)                removing `\to' on input line 564.


Package hyperref Warning: Token not allowed in a PDF string (Unicode):
(hyperref)                removing `math shift' on input line 564.

./methods.tex:588: Use of \cref@override@label@type doesn't match its definition.
\refstepcounter@optarg ...cref@currentlabel \@nil 
                                                  {\@tempa }}
l.588 \begin{definition}
                        
If you say, e.g., `\def\a1{...}', then you must always
put `1' after `\a', since control sequence names are
made up of letters only. The macro here has not been
followed by the required stuff, so I'm ignoring it.

Package hyperref Info: bookmark level for unknown definition defaults to 0 on input line 589.
[6]
./methods.tex:599: Use of \cref@override@label@type doesn't match its definition.
\refstepcounter@optarg ...cref@currentlabel \@nil 
                                                  {\@tempa }}
l.599 \begin{proposition}
                         
If you say, e.g., `\def\a1{...}', then you must always
put `1' after `\a', since control sequence names are
made up of letters only. The macro here has not been
followed by the required stuff, so I'm ignoring it.


Overfull \hbox (7.4084pt too wide) in paragraph at lines 650--651
 \T1/cmr/bx/n/10 7. GPU-Friendly Point Lo-ca-tion (Pro-jected Per-for-mance).[][] [][Not checked|
 []


Package hyperref Warning: The anchor of a bookmark and its parent's must not
(hyperref)                be the same. Added a new anchor on input line 658.


LaTeX Warning: `h' float specifier changed to `ht'.

[7]

Package hyperref Warning: The anchor of a bookmark and its parent's must not
(hyperref)                be the same. Added a new anchor on input line 706.


LaTeX Warning: Citation 'HiGHS2022' on page 8 undefined on input line 724.


Package hyperref Warning: The anchor of a bookmark and its parent's must not
(hyperref)                be the same. Added a new anchor on input line 746.

<plots/speed_heatmaps.pdf, id=300, 1344.94475pt x 469.755pt>
File: plots/speed_heatmaps.pdf Graphic file (type pdf)
<use plots/speed_heatmaps.pdf>
Package pdftex.def Info: plots/speed_heatmaps.pdf  used on input line 751.
(pdftex.def)             Requested size: 370.38374pt x 129.3658pt.

LaTeX Warning: `h' float specifier changed to `ht'.

[8]
<plots/preproc_heatmaps.pdf, id=309, 1344.94475pt x 469.755pt>
File: plots/preproc_heatmaps.pdf Graphic file (type pdf)
<use plots/preproc_heatmaps.pdf>
Package pdftex.def Info: plots/preproc_heatmaps.pdf  used on input line 771.
(pdftex.def)             Requested size: 370.38374pt x 129.3658pt.
<plots/breakeven_heatmap.pdf, id=311, 564.42871pt x 325.215pt>
File: plots/breakeven_heatmap.pdf Graphic file (type pdf)
<use plots/breakeven_heatmap.pdf>
Package pdftex.def Info: plots/breakeven_heatmap.pdf  used on input line 791.
(pdftex.def)             Requested size: 370.38374pt x 213.41685pt.


LaTeX Warning: `h' float specifier changed to `ht'.

<plots/speedup_heatmaps.pdf, id=313, 564.42871pt x 325.215pt>
File: plots/speedup_heatmaps.pdf Graphic file (type pdf)
<use plots/speedup_heatmaps.pdf>
Package pdftex.def Info: plots/speedup_heatmaps.pdf  used on input line 812.
(pdftex.def)             Requested size: 370.38374pt x 213.41685pt.

LaTeX Warning: `h' float specifier changed to `ht'.

[9 <./plots/speed_heatmaps.pdf> <./plots/preproc_heatmaps.pdf>]

Package hyperref Warning: The anchor of a bookmark and its parent's must not
(hyperref)                be the same. Added a new anchor on input line 832.


Underfull \vbox (badness 7814) has occurred while \output is active []

 [10 <./plots/breakeven_heatmap.pdf> <./plots/speedup_heatmaps.pdf>] [11]

Package hyperref Warning: The anchor of a bookmark and its parent's must not
(hyperref)                be the same. Added a new anchor on input line 947.


LaTeX Warning: `h' float specifier changed to `ht'.


LaTeX Warning: Citation 'HiGHS2022' on page 12 undefined on input line 989.

[12] [13]
Overfull \hbox (1.61368pt too wide) in paragraph at lines 1088--1091
\T1/cmr/m/n/10 warp di-ver-gence, the-o-ret-i-cally restor-ing STEROID's per-query ad-van-tage even|
 []

[14]
Overfull \hbox (0.12685pt too wide) in paragraph at lines 1111--1117
[]\T1/cmr/m/n/10 All bench-mark scripts and re-sults are avail-able at []\T1/cmr/bx/n/10 [repos-i-tory URL][]\T1/cmr/m/n/10 . Key scripts:|
 []


Overfull \hbox (35.18388pt too wide) in paragraph at lines 1111--1117
\T1/cmtt/m/n/10 gen_param_sweep.py \T1/cmr/m/n/10 (prob-lem gen-er-a-tion), \T1/cmtt/m/n/10 run_suite.py \T1/cmr/m/n/10 (bulk run-ner), \T1/cmtt/m/n/10 plot_heatmaps.py|
 []

[15]
Overfull \hbox (18.26483pt too wide) in paragraph at lines 1145--1145
\T1/cmr/m/n/10 lems in Nu-clear Fu-sion and High-Energy As-tro-physics''. In: (2025). arXiv:2505.03849.|
 []


Overfull \hbox (30.13828pt too wide) in paragraph at lines 1145--1145
\T1/cmr/m/n/10 Pro-cess Us-ing the Buck-ing-ham Pi The-o-rem''. In: \T1/cmr/m/it/10 Poly-mers \T1/cmr/m/n/10 15.18 (2023). PMC10534782,|
 []

[16]
Overfull \hbox (0.474pt too wide) in paragraph at lines 1145--1145
\T1/cmr/m/n/10 wise Affine Con-trol via Bi-nary Search Tree''. In: \T1/cmr/m/it/10 Au-to-mat-ica \T1/cmr/m/n/10 39.5 (2003), pp. 945^^U|
 []

\tf@thm=\write5
\openout5 = `methods.thm'.

[17] (./methods.aux)
 ***********
LaTeX2e <2025-11-01>
L3 programming layer <2026-01-19>
 ***********


LaTeX Warning: There were undefined references.

Package rerunfilecheck Info: File `methods.out' has not changed.
(rerunfilecheck)             Checksum: 8848C7A293044F6DFFCCB0E187D34115;9055.

Package biblatex Warning: Please (re)run BibTeX on the file(s):
(biblatex)                methods
(biblatex)                and rerun LaTeX afterwards.

Package logreq Info: Writing requests to 'methods.run.xml'.
\openout1 = `methods.run.xml'.

 ) 
Here is how much of TeX's memory you used:
 20954 strings out of 467533
 382143 string characters out of 5392394
 1011816 words of memory out of 5000000
 49563 multiletter control sequences out of 15000+600000
 644237 words of font info for 83 fonts, out of 8000000 for 9000
 1141 hyphenation exceptions out of 8191
 89i,14n,93p,1881b,1478s stack positions out of 10000i,1000n,20000p,200000b,200000s
</nix/store/z04bvjdadj4kd7zihcwn0v44vkmyimf4-texlive-combined-full-2025-final-texmfdist/fonts/type1/public/amsfonts/cm/cmbx10.pfb></nix/store/z04bvjdadj4kd7zihcwn0v44vkmyimf4-texlive-combined-full-2025-final-texmfdist/fonts/type1/public/amsfonts/cm/cmbx8.pfb></nix/store/z04bvjdadj4kd7zihcwn0v44vkmyimf4-texlive-combined-full-2025-final-texmfdist/fonts/type1/public/amsfonts/cm/cmex10.pfb></nix/store/z04bvjdadj4kd7zihcwn0v44vkmyimf4-texlive-combined-full-2025-final-texmfdist/fonts/type1/public/amsfonts/cm/cmmi10.pfb></nix/store/z04bvjdadj4kd7zihcwn0v44vkmyimf4-texlive-combined-full-2025-final-texmfdist/fonts/type1/public/amsfonts/cm/cmmi5.pfb></nix/store/z04bvjdadj4kd7zihcwn0v44vkmyimf4-texlive-combined-full-2025-final-texmfdist/fonts/type1/public/amsfonts/cm/cmmi6.pfb></nix/store/z04bvjdadj4kd7zihcwn0v44vkmyimf4-texlive-combined-full-2025-final-texmfdist/fonts/type1/public/amsfonts/cm/cmmi7.pfb></nix/store/z04bvjdadj4kd7zihcwn0v44vkmyimf4-texlive-combined-full-2025-final-texmfdist/fonts/type1/public/amsfonts/cm/cmmi8.pfb></nix/store/z04bvjdadj4kd7zihcwn0v44vkmyimf4-texlive-combined-full-2025-final-texmfdist/fonts/type1/public/amsfonts/cm/cmmib10.pfb></nix/store/z04bvjdadj4kd7zihcwn0v44vkmyimf4-texlive-combined-full-2025-final-texmfdist/fonts/type1/public/amsfonts/cm/cmr10.pfb></nix/store/z04bvjdadj4kd7zihcwn0v44vkmyimf4-texlive-combined-full-2025-final-texmfdist/fonts/type1/public/amsfonts/cm/cmr6.pfb></nix/store/z04bvjdadj4kd7zihcwn0v44vkmyimf4-texlive-combined-full-2025-final-texmfdist/fonts/type1/public/amsfonts/cm/cmr7.pfb></nix/store/z04bvjdadj4kd7zihcwn0v44vkmyimf4-texlive-combined-full-2025-final-texmfdist/fonts/type1/public/amsfonts/cm/cmr8.pfb></nix/store/z04bvjdadj4kd7zihcwn0v44vkmyimf4-texlive-combined-full-2025-final-texmfdist/fonts/type1/public/amsfonts/cm/cmsy10.pfb></nix/store/z04bvjdadj4kd7zihcwn0v44vkmyimf4-texlive-combined-full-2025-final-texmfdist/fonts/type1/public/amsfonts/cm/cmsy6.pfb></nix/store/z04bvjdadj4kd7zihcwn0v44vkmyimf4-texlive-combine
d-full-2025-final-texmfdist/fonts/type1/public/amsfonts/cm/cmsy7.pfb></nix/store/z04bvjdadj4kd7zihcwn0v44vkmyimf4-texlive-combined-full-2025-final-texmfdist/fonts/type1/public/amsfonts/cm/cmsy8.pfb></nix/store/z04bvjdadj4kd7zihcwn0v44vkmyimf4-texlive-combined-full-2025-final-texmfdist/fonts/type1/public/amsfonts/symbols/msam10.pfb></nix/store/z04bvjdadj4kd7zihcwn0v44vkmyimf4-texlive-combined-full-2025-final-texmfdist/fonts/type1/public/amsfonts/symbols/msbm10.pfb></nix/store/z04bvjdadj4kd7zihcwn0v44vkmyimf4-texlive-combined-full-2025-final-texmfdist/fonts/type1/public/cm-super/sfbi0800.pfb></nix/store/z04bvjdadj4kd7zihcwn0v44vkmyimf4-texlive-combined-full-2025-final-texmfdist/fonts/type1/public/cm-super/sfbx0800.pfb></nix/store/z04bvjdadj4kd7zihcwn0v44vkmyimf4-texlive-combined-full-2025-final-texmfdist/fonts/type1/public/cm-super/sfbx1000.pfb></nix/store/z04bvjdadj4kd7zihcwn0v44vkmyimf4-texlive-combined-full-2025-final-texmfdist/fonts/type1/public/cm-super/sfcc0800.pfb></nix/store/z04bvjdadj4kd7zihcwn0v44vkmyimf4-texlive-combined-full-2025-final-texmfdist/fonts/type1/public/cm-super/sfcc1000.pfb></nix/store/z04bvjdadj4kd7zihcwn0v44vkmyimf4-texlive-combined-full-2025-final-texmfdist/fonts/type1/public/cm-super/sfrm0700.pfb></nix/store/z04bvjdadj4kd7zihcwn0v44vkmyimf4-texlive-combined-full-2025-final-texmfdist/fonts/type1/public/cm-super/sfrm0800.pfb></nix/store/z04bvjdadj4kd7zihcwn0v44vkmyimf4-texlive-combined-full-2025-final-texmfdist/fonts/type1/public/cm-super/sfrm1000.pfb></nix/store/z04bvjdadj4kd7zihcwn0v44vkmyimf4-texlive-combined-full-2025-final-texmfdist/fonts/type1/public/cm-super/sfti0800.pfb></nix/store/z04bvjdadj4kd7zihcwn0v44vkmyimf4-texlive-combined-full-2025-final-texmfdist/fonts/type1/public/cm-super/sfti1000.pfb></nix/store/z04bvjdadj4kd7zihcwn0v44vkmyimf4-texlive-combined-full-2025-final-texmfdist/fonts/type1/public/cm-super/sftt1000.pfb>
Output written on methods.pdf (17 pages, 660134 bytes).
PDF statistics:
 858 PDF objects out of 1000 (max. 8388607)
 507 compressed objects within 6 object streams
 62 named destinations out of 1000 (max. 500000)
 405 words of extra memory for PDF output out of 10000 (max. 10000000)

